[2025-10-21 15:04:14] INFO: Database connected successfully  
[2025-10-21 15:08:48] INFO: SIGINT received, shutting down gracefully  
[2025-10-21 15:08:48] INFO: Database disconnected  
[2025-10-21 15:08:54] INFO: Database connected successfully  
[2025-10-21 15:10:14] ERROR: Failed to send verification email  {
  "errno": -4078,
  "code": "ESOCKET",
  "syscall": "connect",
  "address": "127.0.0.1",
  "port": 587,
  "command": "CONN"
}
[2025-10-21 15:10:14] ERROR: POST /api/auth/register - Internal server error. Please try again later!  {
  "name": "Error",
  "stack": "Error: connect ECONNREFUSED 127.0.0.1:587\n    at TCPConnectWrap.afterConnect [as oncomplete] (node:net:1636:16)",
  "path": "/api/auth/register",
  "method": "POST",
  "ip": "::1",
  "statusCode": 500
}
[2025-10-21 15:11:27] ERROR: POST /api/auth/register - Email already registered  {
  "name": "AppError",
  "stack": "AppError: Email already registered\n    at new AppError (D:\\property-renting-app\\property-renting-api\\src\\utils\\app.error.ts:14:11)\n    at AuthService.register (D:\\property-renting-app\\property-renting-api\\src\\services\\auth.service.ts:26:13)\n    at async AuthController.register (D:\\property-renting-app\\property-renting-api\\src\\controllers\\auth.controller.ts:18:22)",
  "path": "/api/auth/register",
  "method": "POST",
  "ip": "::1",
  "statusCode": 400
}
[2025-10-21 15:12:31] ERROR: Failed to send verification email  {
  "errno": -4078,
  "code": "ESOCKET",
  "syscall": "connect",
  "address": "127.0.0.1",
  "port": 587,
  "command": "CONN"
}
[2025-10-21 15:12:31] ERROR: POST /api/auth/register - Internal server error. Please try again later!  {
  "name": "Error",
  "stack": "Error: connect ECONNREFUSED 127.0.0.1:587\n    at TCPConnectWrap.afterConnect [as oncomplete] (node:net:1636:16)",
  "path": "/api/auth/register",
  "method": "POST",
  "ip": "::1",
  "statusCode": 500
}
[2025-10-21 15:15:00] INFO: Running cancel unpaid bookings job  
[2025-10-21 15:18:44] INFO: SIGINT received, shutting down gracefully  
[2025-10-21 15:18:44] INFO: Database disconnected  
[2025-10-21 15:19:26] INFO: Database connected successfully  
[2025-10-21 15:20:03] INFO: SIGINT received, shutting down gracefully  
[2025-10-21 15:20:03] INFO: Database disconnected  
[2025-10-21 15:20:20] INFO: Database connected successfully  
[2025-10-21 15:20:28] ERROR: Failed to send verification email  {
  "errno": -4078,
  "code": "ESOCKET",
  "syscall": "connect",
  "address": "127.0.0.1",
  "port": 587,
  "command": "CONN"
}
[2025-10-21 15:20:28] ERROR: POST /api/auth/register - Internal server error. Please try again later!  {
  "name": "Error",
  "stack": "Error: connect ECONNREFUSED 127.0.0.1:587\n    at TCPConnectWrap.afterConnect [as oncomplete] (node:net:1636:16)",
  "path": "/api/auth/register",
  "method": "POST",
  "ip": "::1",
  "statusCode": 500
}
[2025-10-21 15:22:13] INFO: Database connected successfully  
[2025-10-21 15:22:51] INFO: Database connected successfully  
[2025-10-21 15:22:54] INFO: Database connected successfully  
[2025-10-21 15:23:20] ERROR: Failed to send verification email  {
  "errno": -4078,
  "code": "ESOCKET",
  "syscall": "connect",
  "address": "127.0.0.1",
  "port": 587,
  "command": "CONN"
}
[2025-10-21 15:27:25] ERROR: POST /api/auth/verify-email - [{"path":"body","message":"Invalid input: expected object, received undefined"}]  {
  "name": "AppError",
  "stack": "AppError: [{\"path\":\"body\",\"message\":\"Invalid input: expected object, received undefined\"}]\n    at new AppError (D:\\property-renting-app\\property-renting-api\\src\\utils\\app.error.ts:14:11)\n    at D:\\property-renting-app\\property-renting-api\\src\\middlewares\\validation.middleware.ts:22:23",
  "path": "/api/auth/verify-email",
  "method": "POST",
  "ip": "::1",
  "statusCode": 400
}
[2025-10-21 15:30:00] INFO: Running cancel unpaid bookings job  
[2025-10-21 15:44:27] INFO: Database connected successfully  
[2025-10-21 15:45:00] INFO: Running cancel unpaid bookings job  
[2025-10-21 15:45:04] ERROR: Failed to send verification email  {
  "errno": -4078,
  "code": "ESOCKET",
  "syscall": "connect",
  "address": "127.0.0.1",
  "port": 587,
  "command": "CONN"
}
[2025-10-21 15:45:04] ERROR: POST /api/auth/register - Internal server error. Please try again later!  {
  "name": "Error",
  "stack": "Error: connect ECONNREFUSED 127.0.0.1:587\n    at TCPConnectWrap.afterConnect [as oncomplete] (node:net:1636:16)",
  "path": "/api/auth/register",
  "method": "POST",
  "ip": "::1",
  "statusCode": 500
}
[2025-10-21 15:45:54] INFO: SIGINT received, shutting down gracefully  
[2025-10-21 15:45:54] INFO: Database disconnected  
[2025-10-21 15:46:00] INFO: Database connected successfully  
[2025-10-21 15:46:23] ERROR: Failed to send verification email  {
  "errno": -4078,
  "code": "ESOCKET",
  "syscall": "connect",
  "address": "127.0.0.1",
  "port": 587,
  "command": "CONN"
}
[2025-10-21 15:46:23] ERROR: POST /api/auth/register - Internal server error. Please try again later!  {
  "name": "Error",
  "stack": "Error: connect ECONNREFUSED 127.0.0.1:587\n    at TCPConnectWrap.afterConnect [as oncomplete] (node:net:1636:16)",
  "path": "/api/auth/register",
  "method": "POST",
  "ip": "::1",
  "statusCode": 500
}
[2025-10-21 15:47:11] INFO: Email Service Configuration:  {
  "host": "",
  "port": 587,
  "user": "",
  "from": "ridhohanafi2000@gmail.com",
  "secure": false
}
[2025-10-21 15:47:11] INFO: Email Service Configuration:  {
  "host": "",
  "port": 587,
  "user": "",
  "from": "ridhohanafi2000@gmail.com",
  "secure": false
}
[2025-10-21 15:47:11] INFO: Email Service Configuration:  {
  "host": "",
  "port": 587,
  "user": "",
  "from": "ridhohanafi2000@gmail.com",
  "secure": false
}
[2025-10-21 15:47:11] INFO: Email Service Configuration:  {
  "host": "",
  "port": 587,
  "user": "",
  "from": "ridhohanafi2000@gmail.com",
  "secure": false
}
[2025-10-21 15:47:11] ERROR: ❌ Email service connection failed:  {
  "errno": -4078,
  "code": "ESOCKET",
  "syscall": "connect",
  "address": "127.0.0.1",
  "port": 587,
  "command": "CONN"
}
[2025-10-21 15:47:11] ERROR: Please check your SMTP credentials in .env.development  
[2025-10-21 15:47:11] ERROR: ❌ Email service connection failed:  {
  "errno": -4078,
  "code": "ESOCKET",
  "syscall": "connect",
  "address": "127.0.0.1",
  "port": 587,
  "command": "CONN"
}
[2025-10-21 15:47:11] ERROR: Please check your SMTP credentials in .env.development  
[2025-10-21 15:47:11] ERROR: ❌ Email service connection failed:  {
  "errno": -4078,
  "code": "ESOCKET",
  "syscall": "connect",
  "address": "127.0.0.1",
  "port": 587,
  "command": "CONN"
}
[2025-10-21 15:47:11] ERROR: Please check your SMTP credentials in .env.development  
[2025-10-21 15:47:11] ERROR: ❌ Email service connection failed:  {
  "errno": -4078,
  "code": "ESOCKET",
  "syscall": "connect",
  "address": "127.0.0.1",
  "port": 587,
  "command": "CONN"
}
[2025-10-21 15:47:11] ERROR: Please check your SMTP credentials in .env.development  
[2025-10-21 15:47:11] INFO: SIGINT received, shutting down gracefully  
[2025-10-21 15:47:12] INFO: Database connected successfully  
[2025-10-21 15:47:12] INFO: Database disconnected  
[2025-10-21 15:48:38] INFO: Email Service Configuration:  {
  "host": "",
  "port": 587,
  "user": "",
  "from": "ridhohanafi2000@gmail.com",
  "secure": false
}
[2025-10-21 15:48:38] INFO: Email Service Configuration:  {
  "host": "",
  "port": 587,
  "user": "",
  "from": "ridhohanafi2000@gmail.com",
  "secure": false
}
[2025-10-21 15:48:38] INFO: Email Service Configuration:  {
  "host": "",
  "port": 587,
  "user": "",
  "from": "ridhohanafi2000@gmail.com",
  "secure": false
}
[2025-10-21 15:48:38] INFO: Email Service Configuration:  {
  "host": "",
  "port": 587,
  "user": "",
  "from": "ridhohanafi2000@gmail.com",
  "secure": false
}
[2025-10-21 15:48:39] ERROR: ❌ Email service connection failed:  {
  "errno": -4078,
  "code": "ESOCKET",
  "syscall": "connect",
  "address": "127.0.0.1",
  "port": 587,
  "command": "CONN"
}
[2025-10-21 15:48:39] ERROR: Please check your SMTP credentials in .env.development  
[2025-10-21 15:48:39] ERROR: ❌ Email service connection failed:  {
  "errno": -4078,
  "code": "ESOCKET",
  "syscall": "connect",
  "address": "127.0.0.1",
  "port": 587,
  "command": "CONN"
}
[2025-10-21 15:48:39] ERROR: Please check your SMTP credentials in .env.development  
[2025-10-21 15:48:39] ERROR: ❌ Email service connection failed:  {
  "errno": -4078,
  "code": "ESOCKET",
  "syscall": "connect",
  "address": "127.0.0.1",
  "port": 587,
  "command": "CONN"
}
[2025-10-21 15:48:39] ERROR: Please check your SMTP credentials in .env.development  
[2025-10-21 15:48:39] ERROR: ❌ Email service connection failed:  {
  "errno": -4078,
  "code": "ESOCKET",
  "syscall": "connect",
  "address": "127.0.0.1",
  "port": 587,
  "command": "CONN"
}
[2025-10-21 15:48:39] ERROR: Please check your SMTP credentials in .env.development  
[2025-10-21 15:48:40] INFO: Database connected successfully  
[2025-10-21 15:49:44] INFO: SIGINT received, shutting down gracefully  
[2025-10-21 15:49:44] INFO: Database disconnected  
[2025-10-21 15:49:53] INFO: Email Service Configuration:  {
  "host": "",
  "port": 587,
  "user": "",
  "from": "ridhohanafi2000@gmail.com",
  "secure": false
}
[2025-10-21 15:49:53] INFO: Email Service Configuration:  {
  "host": "",
  "port": 587,
  "user": "",
  "from": "ridhohanafi2000@gmail.com",
  "secure": false
}
[2025-10-21 15:49:53] INFO: Email Service Configuration:  {
  "host": "",
  "port": 587,
  "user": "",
  "from": "ridhohanafi2000@gmail.com",
  "secure": false
}
[2025-10-21 15:49:53] INFO: Email Service Configuration:  {
  "host": "",
  "port": 587,
  "user": "",
  "from": "ridhohanafi2000@gmail.com",
  "secure": false
}
[2025-10-21 15:49:53] ERROR: Database connection failed  {
  "clientVersion": "6.17.1",
  "errorCode": "P1012",
  "name": "PrismaClientInitializationError"
}
[2025-10-21 15:55:05] INFO: Email Service Configuration:  {
  "host": "",
  "port": 587,
  "user": "",
  "from": "ridhohanafi2000@gmail.com",
  "secure": false
}
[2025-10-21 15:55:05] INFO: Email Service Configuration:  {
  "host": "",
  "port": 587,
  "user": "",
  "from": "ridhohanafi2000@gmail.com",
  "secure": false
}
[2025-10-21 15:55:05] INFO: Email Service Configuration:  {
  "host": "",
  "port": 587,
  "user": "",
  "from": "ridhohanafi2000@gmail.com",
  "secure": false
}
[2025-10-21 15:55:05] INFO: Email Service Configuration:  {
  "host": "",
  "port": 587,
  "user": "",
  "from": "ridhohanafi2000@gmail.com",
  "secure": false
}
[2025-10-21 15:55:05] ERROR: ❌ Email service connection failed:  {
  "errno": -4078,
  "code": "ESOCKET",
  "syscall": "connect",
  "address": "127.0.0.1",
  "port": 587,
  "command": "CONN"
}
[2025-10-21 15:55:05] ERROR: Please check your SMTP credentials in .env.development  
[2025-10-21 15:55:05] ERROR: ❌ Email service connection failed:  {
  "errno": -4078,
  "code": "ESOCKET",
  "syscall": "connect",
  "address": "127.0.0.1",
  "port": 587,
  "command": "CONN"
}
[2025-10-21 15:55:05] ERROR: Please check your SMTP credentials in .env.development  
[2025-10-21 15:55:05] ERROR: ❌ Email service connection failed:  {
  "errno": -4078,
  "code": "ESOCKET",
  "syscall": "connect",
  "address": "127.0.0.1",
  "port": 587,
  "command": "CONN"
}
[2025-10-21 15:55:05] ERROR: Please check your SMTP credentials in .env.development  
[2025-10-21 15:55:05] ERROR: ❌ Email service connection failed:  {
  "errno": -4078,
  "code": "ESOCKET",
  "syscall": "connect",
  "address": "127.0.0.1",
  "port": 587,
  "command": "CONN"
}
[2025-10-21 15:55:05] ERROR: Please check your SMTP credentials in .env.development  
[2025-10-21 15:55:06] INFO: Database connected successfully  
[2025-10-21 15:58:34] INFO: SIGINT received, shutting down gracefully  
[2025-10-21 15:58:34] INFO: Database disconnected  
[2025-10-21 16:00:43] INFO: Email Service Configuration:  {
  "host": "smtp.gmail.com",
  "port": 587,
  "user": "",
  "from": "ridhohanafi2000@gmail.com",
  "secure": false
}
[2025-10-21 16:00:43] INFO: Email Service Configuration:  {
  "host": "smtp.gmail.com",
  "port": 587,
  "user": "",
  "from": "ridhohanafi2000@gmail.com",
  "secure": false
}
[2025-10-21 16:00:43] INFO: Email Service Configuration:  {
  "host": "smtp.gmail.com",
  "port": 587,
  "user": "",
  "from": "ridhohanafi2000@gmail.com",
  "secure": false
}
[2025-10-21 16:00:43] INFO: Email Service Configuration:  {
  "host": "smtp.gmail.com",
  "port": 587,
  "user": "",
  "from": "ridhohanafi2000@gmail.com",
  "secure": false
}
[2025-10-21 16:00:44] INFO: Database connected successfully  
[2025-10-21 16:00:45] ERROR: ❌ Email service connection failed:  {
  "code": "EAUTH",
  "command": "API"
}
[2025-10-21 16:00:45] ERROR: Please check your SMTP credentials in .env.development  
[2025-10-21 16:00:45] ERROR: ❌ Email service connection failed:  {
  "code": "EAUTH",
  "command": "API"
}
[2025-10-21 16:00:45] ERROR: Please check your SMTP credentials in .env.development  
[2025-10-21 16:00:45] ERROR: ❌ Email service connection failed:  {
  "code": "EAUTH",
  "command": "API"
}
[2025-10-21 16:00:45] ERROR: Please check your SMTP credentials in .env.development  
[2025-10-21 16:00:45] ERROR: ❌ Email service connection failed:  {
  "code": "EAUTH",
  "command": "API"
}
[2025-10-21 16:00:45] ERROR: Please check your SMTP credentials in .env.development  
[2025-10-21 16:02:09] INFO: SIGINT received, shutting down gracefully  
[2025-10-21 16:02:09] INFO: Database disconnected  
[2025-10-21 16:04:52] INFO: Email Service Configuration:  {
  "host": "smtp.gmail.com",
  "port": 587,
  "user": "",
  "from": "ridhohanafi2000@gmail.com",
  "secure": false
}
[2025-10-21 16:04:52] INFO: Email Service Configuration:  {
  "host": "smtp.gmail.com",
  "port": 587,
  "user": "",
  "from": "ridhohanafi2000@gmail.com",
  "secure": false
}
[2025-10-21 16:04:52] INFO: Email Service Configuration:  {
  "host": "smtp.gmail.com",
  "port": 587,
  "user": "",
  "from": "ridhohanafi2000@gmail.com",
  "secure": false
}
[2025-10-21 16:04:52] INFO: Email Service Configuration:  {
  "host": "smtp.gmail.com",
  "port": 587,
  "user": "",
  "from": "ridhohanafi2000@gmail.com",
  "secure": false
}
[2025-10-21 16:04:53] INFO: Database connected successfully  
[2025-10-21 16:04:54] ERROR: ❌ Email service connection failed:  {
  "code": "EAUTH",
  "command": "API"
}
[2025-10-21 16:04:54] ERROR: Please check your SMTP credentials in .env.development  
[2025-10-21 16:04:54] ERROR: ❌ Email service connection failed:  {
  "code": "EAUTH",
  "command": "API"
}
[2025-10-21 16:04:54] ERROR: Please check your SMTP credentials in .env.development  
[2025-10-21 16:04:54] ERROR: ❌ Email service connection failed:  {
  "code": "EAUTH",
  "command": "API"
}
[2025-10-21 16:04:54] ERROR: Please check your SMTP credentials in .env.development  
[2025-10-21 16:05:10] ERROR: ❌ Email service connection failed:  {
  "code": "ECONNECTION",
  "command": "CONN"
}
[2025-10-21 16:05:10] ERROR: Please check your SMTP credentials in .env.development  
[2025-10-21 16:08:47] INFO: Email Service Configuration:  {
  "from": "StayInn <twiceoncess2015@gmail.com>",
  "secure": false
}
[2025-10-21 16:08:47] INFO: Email Service Configuration:  {
  "from": "StayInn <twiceoncess2015@gmail.com>",
  "secure": false
}
[2025-10-21 16:08:47] INFO: Email Service Configuration:  {
  "from": "StayInn <twiceoncess2015@gmail.com>",
  "secure": false
}
[2025-10-21 16:08:47] INFO: Email Service Configuration:  {
  "from": "StayInn <twiceoncess2015@gmail.com>",
  "secure": false
}
[2025-10-21 16:08:47] ERROR: ❌ Email service connection failed:  {
  "errno": -4078,
  "code": "ESOCKET",
  "syscall": "connect",
  "address": "127.0.0.1",
  "port": 587,
  "command": "CONN"
}
[2025-10-21 16:08:47] ERROR: Please check your SMTP credentials in .env.development  
[2025-10-21 16:08:47] ERROR: ❌ Email service connection failed:  {
  "errno": -4078,
  "code": "ESOCKET",
  "syscall": "connect",
  "address": "127.0.0.1",
  "port": 587,
  "command": "CONN"
}
[2025-10-21 16:08:47] ERROR: Please check your SMTP credentials in .env.development  
[2025-10-21 16:08:47] ERROR: ❌ Email service connection failed:  {
  "errno": -4078,
  "code": "ESOCKET",
  "syscall": "connect",
  "address": "127.0.0.1",
  "port": 587,
  "command": "CONN"
}
[2025-10-21 16:08:47] ERROR: Please check your SMTP credentials in .env.development  
[2025-10-21 16:08:47] ERROR: ❌ Email service connection failed:  {
  "errno": -4078,
  "code": "ESOCKET",
  "syscall": "connect",
  "address": "127.0.0.1",
  "port": 587,
  "command": "CONN"
}
[2025-10-21 16:08:47] ERROR: Please check your SMTP credentials in .env.development  
[2025-10-21 16:08:47] INFO: Database connected successfully  
[2025-10-21 16:09:46] INFO: Email Service Configuration:  {
  "from": "StayInn <twiceoncess2015@gmail.com>",
  "secure": false
}
[2025-10-21 16:09:46] INFO: Email Service Configuration:  {
  "from": "StayInn <twiceoncess2015@gmail.com>",
  "secure": false
}
[2025-10-21 16:09:46] INFO: Email Service Configuration:  {
  "from": "StayInn <twiceoncess2015@gmail.com>",
  "secure": false
}
[2025-10-21 16:09:46] INFO: Email Service Configuration:  {
  "from": "StayInn <twiceoncess2015@gmail.com>",
  "secure": false
}
[2025-10-21 16:09:47] ERROR: ❌ Email service connection failed:  {
  "errno": -4078,
  "code": "ESOCKET",
  "syscall": "connect",
  "address": "127.0.0.1",
  "port": 587,
  "command": "CONN"
}
[2025-10-21 16:09:47] ERROR: Please check your SMTP credentials in .env.development  
[2025-10-21 16:09:47] ERROR: ❌ Email service connection failed:  {
  "errno": -4078,
  "code": "ESOCKET",
  "syscall": "connect",
  "address": "127.0.0.1",
  "port": 587,
  "command": "CONN"
}
[2025-10-21 16:09:47] ERROR: Please check your SMTP credentials in .env.development  
[2025-10-21 16:09:47] ERROR: ❌ Email service connection failed:  {
  "errno": -4078,
  "code": "ESOCKET",
  "syscall": "connect",
  "address": "127.0.0.1",
  "port": 587,
  "command": "CONN"
}
[2025-10-21 16:09:47] ERROR: Please check your SMTP credentials in .env.development  
[2025-10-21 16:09:47] ERROR: ❌ Email service connection failed:  {
  "errno": -4078,
  "code": "ESOCKET",
  "syscall": "connect",
  "address": "127.0.0.1",
  "port": 587,
  "command": "CONN"
}
[2025-10-21 16:09:47] ERROR: Please check your SMTP credentials in .env.development  
[2025-10-21 16:09:47] INFO: Database connected successfully  
[2025-10-21 16:09:51] INFO: Email Service Configuration:  {
  "host": "smtp.gmail.com",
  "port": 587,
  "user": "",
  "from": "ridhohanafi2000@gmail.com",
  "secure": false
}
[2025-10-21 16:09:51] INFO: Email Service Configuration:  {
  "host": "smtp.gmail.com",
  "port": 587,
  "user": "",
  "from": "ridhohanafi2000@gmail.com",
  "secure": false
}
[2025-10-21 16:09:51] INFO: Email Service Configuration:  {
  "host": "smtp.gmail.com",
  "port": 587,
  "user": "",
  "from": "ridhohanafi2000@gmail.com",
  "secure": false
}
[2025-10-21 16:09:51] INFO: Email Service Configuration:  {
  "host": "smtp.gmail.com",
  "port": 587,
  "user": "",
  "from": "ridhohanafi2000@gmail.com",
  "secure": false
}
[2025-10-21 16:09:52] INFO: Database connected successfully  
[2025-10-21 16:09:53] ERROR: ❌ Email service connection failed:  {
  "code": "EAUTH",
  "command": "API"
}
[2025-10-21 16:09:53] ERROR: Please check your SMTP credentials in .env.development  
[2025-10-21 16:09:53] ERROR: ❌ Email service connection failed:  {
  "code": "EAUTH",
  "command": "API"
}
[2025-10-21 16:09:53] ERROR: Please check your SMTP credentials in .env.development  
[2025-10-21 16:09:53] ERROR: ❌ Email service connection failed:  {
  "code": "EAUTH",
  "command": "API"
}
[2025-10-21 16:09:53] ERROR: Please check your SMTP credentials in .env.development  
[2025-10-21 16:10:04] ERROR: ❌ Email service connection failed:  {
  "code": "EAUTH",
  "command": "API"
}
[2025-10-21 16:10:04] ERROR: Please check your SMTP credentials in .env.development  
[2025-10-21 16:10:52] INFO: SIGINT received, shutting down gracefully  
[2025-10-21 16:10:52] INFO: Database disconnected  
[2025-10-21 16:13:23] INFO: Database connected successfully  
[2025-10-21 16:13:37] INFO: SIGINT received, shutting down gracefully  
[2025-10-21 16:13:37] INFO: Database disconnected  
[2025-10-21 16:15:41] INFO: Database connected successfully  
[2025-10-21 16:15:48] ERROR: Failed to send verification email  {
  "errno": -4078,
  "code": "ESOCKET",
  "syscall": "connect",
  "address": "127.0.0.1",
  "port": 587,
  "command": "CONN"
}
[2025-10-21 16:15:48] ERROR: POST /api/auth/register - Internal server error. Please try again later!  {
  "name": "Error",
  "stack": "Error: connect ECONNREFUSED 127.0.0.1:587\n    at TCPConnectWrap.afterConnect [as oncomplete] (node:net:1636:16)",
  "path": "/api/auth/register",
  "method": "POST",
  "ip": "::1",
  "statusCode": 500
}
[2025-10-21 16:16:57] INFO: SIGINT received, shutting down gracefully  
[2025-10-21 16:16:57] INFO: Database disconnected  
[2025-10-21 16:17:04] ERROR: Database connection failed  {
  "clientVersion": "6.17.1",
  "errorCode": "P1012",
  "name": "PrismaClientInitializationError"
}
[2025-10-21 16:19:00] INFO: Database connected successfully  
[2025-10-21 16:19:38] ERROR: Failed to send verification email  {
  "errno": -4078,
  "code": "ESOCKET",
  "syscall": "connect",
  "address": "127.0.0.1",
  "port": 587,
  "command": "CONN"
}
[2025-10-21 16:19:38] ERROR: POST /api/auth/register - Internal server error. Please try again later!  {
  "name": "Error",
  "stack": "Error: connect ECONNREFUSED 127.0.0.1:587\n    at TCPConnectWrap.afterConnect [as oncomplete] (node:net:1636:16)",
  "path": "/api/auth/register",
  "method": "POST",
  "ip": "::1",
  "statusCode": 500
}
[2025-10-21 16:24:51] INFO: SIGINT received, shutting down gracefully  
[2025-10-21 16:24:51] INFO: Database disconnected  
[2025-10-21 16:29:12] INFO: Database connected successfully  
[2025-10-21 16:29:25] INFO: SIGINT received, shutting down gracefully  
[2025-10-21 16:29:25] INFO: Database disconnected  
[2025-10-21 16:29:30] INFO: Database connected successfully  
[2025-10-21 16:29:35] INFO: SIGINT received, shutting down gracefully  
[2025-10-21 16:29:35] INFO: Database disconnected  
[2025-10-21 16:29:41] INFO: Database connected successfully  
[2025-10-21 16:30:00] INFO: Running cancel unpaid bookings job  
[2025-10-21 16:31:49] INFO: Database connected successfully  
[2025-10-21 16:31:51] INFO: SIGINT received, shutting down gracefully  
[2025-10-21 16:31:51] INFO: Database disconnected  
[2025-10-21 16:31:57] INFO: Database connected successfully  
[2025-10-21 16:32:48] INFO: SIGINT received, shutting down gracefully  
[2025-10-21 16:32:48] INFO: Database disconnected  
[2025-10-21 16:33:58] INFO: Database connected successfully  
[2025-10-21 16:35:26] INFO: Database connected successfully  
[2025-10-21 16:35:33] INFO: Database connected successfully  
[2025-10-21 16:35:57] INFO: Database connected successfully  
[2025-10-21 16:38:16] INFO: Verification email sent to krismahendra0909@gmail.com  
[2025-10-21 16:43:56] INFO: Password reset email sent to krismahendra0909@gmail.com  
[2025-10-21 16:45:00] INFO: Running cancel unpaid bookings job  
[2025-10-21 16:45:02] INFO: SIGINT received, shutting down gracefully  
[2025-10-21 16:45:02] INFO: Database disconnected  
