[2025-08-05 12:03:22] WARN: 404 Not Found  {
  "method": "GET",
  "path": "/api/samples",
  "ip": "::1"
}
[2025-08-05 12:06:36] ERROR: POST /api/samples - Sample data is not found  {
  "name": "AppError",
  "stack": "AppError: Sample data is not found\n    at new AppError (D:\\Workspace\\minpro-finpro\\pwd-template-api\\src\\utils\\app.error.ts:14:11)\n    at SampleController.<anonymous> (D:\\Workspace\\minpro-finpro\\pwd-template-api\\src\\controllers\\sample.controller.ts:24:30)\n    at Generator.next (<anonymous>)\n    at fulfilled (D:\\Workspace\\minpro-finpro\\pwd-template-api\\src\\controllers\\sample.controller.ts:5:58)\n    at processTicksAndRejections (node:internal/process/task_queues:95:5)",
  "path": "/api/samples",
  "method": "POST",
  "ip": "::1",
  "statusCode": 404
}
[2025-10-21 15:10:14] ERROR: Failed to send verification email  {
  "errno": -4078,
  "code": "ESOCKET",
  "syscall": "connect",
  "address": "127.0.0.1",
  "port": 587,
  "command": "CONN"
}
[2025-10-21 15:10:14] ERROR: POST /api/auth/register - Internal server error. Please try again later!  {
  "name": "Error",
  "stack": "Error: connect ECONNREFUSED 127.0.0.1:587\n    at TCPConnectWrap.afterConnect [as oncomplete] (node:net:1636:16)",
  "path": "/api/auth/register",
  "method": "POST",
  "ip": "::1",
  "statusCode": 500
}
[2025-10-21 15:11:27] ERROR: POST /api/auth/register - Email already registered  {
  "name": "AppError",
  "stack": "AppError: Email already registered\n    at new AppError (D:\\property-renting-app\\property-renting-api\\src\\utils\\app.error.ts:14:11)\n    at AuthService.register (D:\\property-renting-app\\property-renting-api\\src\\services\\auth.service.ts:26:13)\n    at async AuthController.register (D:\\property-renting-app\\property-renting-api\\src\\controllers\\auth.controller.ts:18:22)",
  "path": "/api/auth/register",
  "method": "POST",
  "ip": "::1",
  "statusCode": 400
}
[2025-10-21 15:12:31] ERROR: Failed to send verification email  {
  "errno": -4078,
  "code": "ESOCKET",
  "syscall": "connect",
  "address": "127.0.0.1",
  "port": 587,
  "command": "CONN"
}
[2025-10-21 15:12:31] ERROR: POST /api/auth/register - Internal server error. Please try again later!  {
  "name": "Error",
  "stack": "Error: connect ECONNREFUSED 127.0.0.1:587\n    at TCPConnectWrap.afterConnect [as oncomplete] (node:net:1636:16)",
  "path": "/api/auth/register",
  "method": "POST",
  "ip": "::1",
  "statusCode": 500
}
[2025-10-21 15:20:28] ERROR: Failed to send verification email  {
  "errno": -4078,
  "code": "ESOCKET",
  "syscall": "connect",
  "address": "127.0.0.1",
  "port": 587,
  "command": "CONN"
}
[2025-10-21 15:20:28] ERROR: POST /api/auth/register - Internal server error. Please try again later!  {
  "name": "Error",
  "stack": "Error: connect ECONNREFUSED 127.0.0.1:587\n    at TCPConnectWrap.afterConnect [as oncomplete] (node:net:1636:16)",
  "path": "/api/auth/register",
  "method": "POST",
  "ip": "::1",
  "statusCode": 500
}
[2025-10-21 15:23:20] ERROR: Failed to send verification email  {
  "errno": -4078,
  "code": "ESOCKET",
  "syscall": "connect",
  "address": "127.0.0.1",
  "port": 587,
  "command": "CONN"
}
[2025-10-21 15:27:25] ERROR: POST /api/auth/verify-email - [{"path":"body","message":"Invalid input: expected object, received undefined"}]  {
  "name": "AppError",
  "stack": "AppError: [{\"path\":\"body\",\"message\":\"Invalid input: expected object, received undefined\"}]\n    at new AppError (D:\\property-renting-app\\property-renting-api\\src\\utils\\app.error.ts:14:11)\n    at D:\\property-renting-app\\property-renting-api\\src\\middlewares\\validation.middleware.ts:22:23",
  "path": "/api/auth/verify-email",
  "method": "POST",
  "ip": "::1",
  "statusCode": 400
}
[2025-10-21 15:45:04] ERROR: Failed to send verification email  {
  "errno": -4078,
  "code": "ESOCKET",
  "syscall": "connect",
  "address": "127.0.0.1",
  "port": 587,
  "command": "CONN"
}
[2025-10-21 15:45:04] ERROR: POST /api/auth/register - Internal server error. Please try again later!  {
  "name": "Error",
  "stack": "Error: connect ECONNREFUSED 127.0.0.1:587\n    at TCPConnectWrap.afterConnect [as oncomplete] (node:net:1636:16)",
  "path": "/api/auth/register",
  "method": "POST",
  "ip": "::1",
  "statusCode": 500
}
[2025-10-21 15:46:23] ERROR: Failed to send verification email  {
  "errno": -4078,
  "code": "ESOCKET",
  "syscall": "connect",
  "address": "127.0.0.1",
  "port": 587,
  "command": "CONN"
}
[2025-10-21 15:46:23] ERROR: POST /api/auth/register - Internal server error. Please try again later!  {
  "name": "Error",
  "stack": "Error: connect ECONNREFUSED 127.0.0.1:587\n    at TCPConnectWrap.afterConnect [as oncomplete] (node:net:1636:16)",
  "path": "/api/auth/register",
  "method": "POST",
  "ip": "::1",
  "statusCode": 500
}
[2025-10-21 15:47:11] ERROR: ❌ Email service connection failed:  {
  "errno": -4078,
  "code": "ESOCKET",
  "syscall": "connect",
  "address": "127.0.0.1",
  "port": 587,
  "command": "CONN"
}
[2025-10-21 15:47:11] ERROR: Please check your SMTP credentials in .env.development  
[2025-10-21 15:47:11] ERROR: ❌ Email service connection failed:  {
  "errno": -4078,
  "code": "ESOCKET",
  "syscall": "connect",
  "address": "127.0.0.1",
  "port": 587,
  "command": "CONN"
}
[2025-10-21 15:47:11] ERROR: Please check your SMTP credentials in .env.development  
[2025-10-21 15:47:11] ERROR: ❌ Email service connection failed:  {
  "errno": -4078,
  "code": "ESOCKET",
  "syscall": "connect",
  "address": "127.0.0.1",
  "port": 587,
  "command": "CONN"
}
[2025-10-21 15:47:11] ERROR: Please check your SMTP credentials in .env.development  
[2025-10-21 15:47:11] ERROR: ❌ Email service connection failed:  {
  "errno": -4078,
  "code": "ESOCKET",
  "syscall": "connect",
  "address": "127.0.0.1",
  "port": 587,
  "command": "CONN"
}
[2025-10-21 15:47:11] ERROR: Please check your SMTP credentials in .env.development  
[2025-10-21 15:48:39] ERROR: ❌ Email service connection failed:  {
  "errno": -4078,
  "code": "ESOCKET",
  "syscall": "connect",
  "address": "127.0.0.1",
  "port": 587,
  "command": "CONN"
}
[2025-10-21 15:48:39] ERROR: Please check your SMTP credentials in .env.development  
[2025-10-21 15:48:39] ERROR: ❌ Email service connection failed:  {
  "errno": -4078,
  "code": "ESOCKET",
  "syscall": "connect",
  "address": "127.0.0.1",
  "port": 587,
  "command": "CONN"
}
[2025-10-21 15:48:39] ERROR: Please check your SMTP credentials in .env.development  
[2025-10-21 15:48:39] ERROR: ❌ Email service connection failed:  {
  "errno": -4078,
  "code": "ESOCKET",
  "syscall": "connect",
  "address": "127.0.0.1",
  "port": 587,
  "command": "CONN"
}
[2025-10-21 15:48:39] ERROR: Please check your SMTP credentials in .env.development  
[2025-10-21 15:48:39] ERROR: ❌ Email service connection failed:  {
  "errno": -4078,
  "code": "ESOCKET",
  "syscall": "connect",
  "address": "127.0.0.1",
  "port": 587,
  "command": "CONN"
}
[2025-10-21 15:48:39] ERROR: Please check your SMTP credentials in .env.development  
[2025-10-21 15:49:53] ERROR: Database connection failed  {
  "clientVersion": "6.17.1",
  "errorCode": "P1012",
  "name": "PrismaClientInitializationError"
}
[2025-10-21 15:55:05] ERROR: ❌ Email service connection failed:  {
  "errno": -4078,
  "code": "ESOCKET",
  "syscall": "connect",
  "address": "127.0.0.1",
  "port": 587,
  "command": "CONN"
}
[2025-10-21 15:55:05] ERROR: Please check your SMTP credentials in .env.development  
[2025-10-21 15:55:05] ERROR: ❌ Email service connection failed:  {
  "errno": -4078,
  "code": "ESOCKET",
  "syscall": "connect",
  "address": "127.0.0.1",
  "port": 587,
  "command": "CONN"
}
[2025-10-21 15:55:05] ERROR: Please check your SMTP credentials in .env.development  
[2025-10-21 15:55:05] ERROR: ❌ Email service connection failed:  {
  "errno": -4078,
  "code": "ESOCKET",
  "syscall": "connect",
  "address": "127.0.0.1",
  "port": 587,
  "command": "CONN"
}
[2025-10-21 15:55:05] ERROR: Please check your SMTP credentials in .env.development  
[2025-10-21 15:55:05] ERROR: ❌ Email service connection failed:  {
  "errno": -4078,
  "code": "ESOCKET",
  "syscall": "connect",
  "address": "127.0.0.1",
  "port": 587,
  "command": "CONN"
}
[2025-10-21 15:55:05] ERROR: Please check your SMTP credentials in .env.development  
[2025-10-21 16:00:45] ERROR: ❌ Email service connection failed:  {
  "code": "EAUTH",
  "command": "API"
}
[2025-10-21 16:00:45] ERROR: Please check your SMTP credentials in .env.development  
[2025-10-21 16:00:45] ERROR: ❌ Email service connection failed:  {
  "code": "EAUTH",
  "command": "API"
}
[2025-10-21 16:00:45] ERROR: Please check your SMTP credentials in .env.development  
[2025-10-21 16:00:45] ERROR: ❌ Email service connection failed:  {
  "code": "EAUTH",
  "command": "API"
}
[2025-10-21 16:00:45] ERROR: Please check your SMTP credentials in .env.development  
[2025-10-21 16:00:45] ERROR: ❌ Email service connection failed:  {
  "code": "EAUTH",
  "command": "API"
}
[2025-10-21 16:00:45] ERROR: Please check your SMTP credentials in .env.development  
[2025-10-21 16:04:54] ERROR: ❌ Email service connection failed:  {
  "code": "EAUTH",
  "command": "API"
}
[2025-10-21 16:04:54] ERROR: Please check your SMTP credentials in .env.development  
[2025-10-21 16:04:54] ERROR: ❌ Email service connection failed:  {
  "code": "EAUTH",
  "command": "API"
}
[2025-10-21 16:04:54] ERROR: Please check your SMTP credentials in .env.development  
[2025-10-21 16:04:54] ERROR: ❌ Email service connection failed:  {
  "code": "EAUTH",
  "command": "API"
}
[2025-10-21 16:04:54] ERROR: Please check your SMTP credentials in .env.development  
[2025-10-21 16:05:10] ERROR: ❌ Email service connection failed:  {
  "code": "ECONNECTION",
  "command": "CONN"
}
[2025-10-21 16:05:10] ERROR: Please check your SMTP credentials in .env.development  
[2025-10-21 16:08:47] ERROR: ❌ Email service connection failed:  {
  "errno": -4078,
  "code": "ESOCKET",
  "syscall": "connect",
  "address": "127.0.0.1",
  "port": 587,
  "command": "CONN"
}
[2025-10-21 16:08:47] ERROR: Please check your SMTP credentials in .env.development  
[2025-10-21 16:08:47] ERROR: ❌ Email service connection failed:  {
  "errno": -4078,
  "code": "ESOCKET",
  "syscall": "connect",
  "address": "127.0.0.1",
  "port": 587,
  "command": "CONN"
}
[2025-10-21 16:08:47] ERROR: Please check your SMTP credentials in .env.development  
[2025-10-21 16:08:47] ERROR: ❌ Email service connection failed:  {
  "errno": -4078,
  "code": "ESOCKET",
  "syscall": "connect",
  "address": "127.0.0.1",
  "port": 587,
  "command": "CONN"
}
[2025-10-21 16:08:47] ERROR: Please check your SMTP credentials in .env.development  
[2025-10-21 16:08:47] ERROR: ❌ Email service connection failed:  {
  "errno": -4078,
  "code": "ESOCKET",
  "syscall": "connect",
  "address": "127.0.0.1",
  "port": 587,
  "command": "CONN"
}
[2025-10-21 16:08:47] ERROR: Please check your SMTP credentials in .env.development  
[2025-10-21 16:09:47] ERROR: ❌ Email service connection failed:  {
  "errno": -4078,
  "code": "ESOCKET",
  "syscall": "connect",
  "address": "127.0.0.1",
  "port": 587,
  "command": "CONN"
}
[2025-10-21 16:09:47] ERROR: Please check your SMTP credentials in .env.development  
[2025-10-21 16:09:47] ERROR: ❌ Email service connection failed:  {
  "errno": -4078,
  "code": "ESOCKET",
  "syscall": "connect",
  "address": "127.0.0.1",
  "port": 587,
  "command": "CONN"
}
[2025-10-21 16:09:47] ERROR: Please check your SMTP credentials in .env.development  
[2025-10-21 16:09:47] ERROR: ❌ Email service connection failed:  {
  "errno": -4078,
  "code": "ESOCKET",
  "syscall": "connect",
  "address": "127.0.0.1",
  "port": 587,
  "command": "CONN"
}
[2025-10-21 16:09:47] ERROR: Please check your SMTP credentials in .env.development  
[2025-10-21 16:09:47] ERROR: ❌ Email service connection failed:  {
  "errno": -4078,
  "code": "ESOCKET",
  "syscall": "connect",
  "address": "127.0.0.1",
  "port": 587,
  "command": "CONN"
}
[2025-10-21 16:09:47] ERROR: Please check your SMTP credentials in .env.development  
[2025-10-21 16:09:53] ERROR: ❌ Email service connection failed:  {
  "code": "EAUTH",
  "command": "API"
}
[2025-10-21 16:09:53] ERROR: Please check your SMTP credentials in .env.development  
[2025-10-21 16:09:53] ERROR: ❌ Email service connection failed:  {
  "code": "EAUTH",
  "command": "API"
}
[2025-10-21 16:09:53] ERROR: Please check your SMTP credentials in .env.development  
[2025-10-21 16:09:53] ERROR: ❌ Email service connection failed:  {
  "code": "EAUTH",
  "command": "API"
}
[2025-10-21 16:09:53] ERROR: Please check your SMTP credentials in .env.development  
[2025-10-21 16:10:04] ERROR: ❌ Email service connection failed:  {
  "code": "EAUTH",
  "command": "API"
}
[2025-10-21 16:10:04] ERROR: Please check your SMTP credentials in .env.development  
[2025-10-21 16:15:48] ERROR: Failed to send verification email  {
  "errno": -4078,
  "code": "ESOCKET",
  "syscall": "connect",
  "address": "127.0.0.1",
  "port": 587,
  "command": "CONN"
}
[2025-10-21 16:15:48] ERROR: POST /api/auth/register - Internal server error. Please try again later!  {
  "name": "Error",
  "stack": "Error: connect ECONNREFUSED 127.0.0.1:587\n    at TCPConnectWrap.afterConnect [as oncomplete] (node:net:1636:16)",
  "path": "/api/auth/register",
  "method": "POST",
  "ip": "::1",
  "statusCode": 500
}
[2025-10-21 16:19:38] ERROR: Failed to send verification email  {
  "errno": -4078,
  "code": "ESOCKET",
  "syscall": "connect",
  "address": "127.0.0.1",
  "port": 587,
  "command": "CONN"
}
[2025-10-21 16:19:38] ERROR: POST /api/auth/register - Internal server error. Please try again later!  {
  "name": "Error",
  "stack": "Error: connect ECONNREFUSED 127.0.0.1:587\n    at TCPConnectWrap.afterConnect [as oncomplete] (node:net:1636:16)",
  "path": "/api/auth/register",
  "method": "POST",
  "ip": "::1",
  "statusCode": 500
}
